// Jest Snapshot v1, https://goo.gl/fbAQLP

exports[`User component should render as expected 1`] = `
<div
  className="card"
>
  <div
    className="card-content"
  >
    <div
      className="media"
    >
      <div
        className="media-left"
      >
        <figure
          className="image is-48x48"
        >
          <img
            alt="avatar"
            src={undefined}
          />
        </figure>
      </div>
      <div
        className="media-content"
      >
        <p
          className="title is-4"
        >
          ?
        </p>
        <p
          className="subtitle is-6"
        />
      </div>
    </div>
    <div
      className="content"
    >
      Owner
    </div>
  </div>
</div>
`;
